<?xml version="1.0" encoding="UTF-8"?>
<testsuites name="jest tests" tests="15" failures="4" errors="0" time="14.941">
  <testsuite name="Toast Helper Functions" errors="0" failures="0" skipped="0" timestamp="2025-11-05T13:01:38" time="0.558" tests="6">
    <testcase classname="Toast Helper Functions showSuccessToast should call toast.success with message and default config" name="Toast Helper Functions showSuccessToast should call toast.success with message and default config" time="0.002">
    </testcase>
    <testcase classname="Toast Helper Functions showSuccessToast should merge custom config with defaults" name="Toast Helper Functions showSuccessToast should merge custom config with defaults" time="0.001">
    </testcase>
    <testcase classname="Toast Helper Functions showErrorToast should call toast.error with message and default config" name="Toast Helper Functions showErrorToast should call toast.error with message and default config" time="0">
    </testcase>
    <testcase classname="Toast Helper Functions showErrorToast should merge custom config with defaults" name="Toast Helper Functions showErrorToast should merge custom config with defaults" time="0">
    </testcase>
    <testcase classname="Toast Helper Functions showInfoToast should call toast.info with message and default config" name="Toast Helper Functions showInfoToast should call toast.info with message and default config" time="0.001">
    </testcase>
    <testcase classname="Toast Helper Functions showWarningToast should call toast.warning with message and default config" name="Toast Helper Functions showWarningToast should call toast.warning with message and default config" time="0">
    </testcase>
  </testsuite>
  <testsuite name="Login Component" errors="0" failures="3" skipped="0" timestamp="2025-11-05T13:01:39" time="13.128" tests="8">
    <testcase classname="Login Component renders login form correctly" name="Login Component renders login form correctly" time="0.029">
      <failure>TestingLibraryElementError: Found multiple elements with the text: Sign In

Here are the matching elements:

Ignored nodes: comments, script, style
&lt;h1
  class=&quot;text-2xl sm:text-3xl md:text-4xl font-extrabold text-[#007768] text-center mb-4 sm:mb-6 drop-shadow-sm&quot;
&gt;
  Sign In
&lt;/h1&gt;

Ignored nodes: comments, script, style
&lt;span&gt;
  Sign In
&lt;/span&gt;

(If this is intentional, then use the `*AllBy*` variant of the query (like `queryAllByText`, `getAllByText`, or `findAllByText`)).

Ignored nodes: comments, script, style
&lt;body&gt;
  &lt;div&gt;
    &lt;div
      class=&quot;min-h-screen flex justify-center items-start relative overflow-hidden bg-gradient-to-br from-gray-50 via-[#d9f3f0] to-[#e6f7f5] pt-52 px-3 sm:px-4 pb-8&quot;
    &gt;
      &lt;div
        class=&quot;absolute top-0 left-0 w-72 h-72 bg-[#007768]/20 rounded-full blur-3xl -translate-x-1/2 -translate-y-1/2&quot;
      /&gt;
      &lt;div
        class=&quot;absolute bottom-0 right-0 w-96 h-96 bg-[#007768]/15 rounded-full blur-3xl translate-x-1/2 translate-y-1/2&quot;
      /&gt;
      &lt;div
        class=&quot;relative z-10 w-full max-w-md&quot;
      &gt;
        &lt;div
          class=&quot;bg-white/90 backdrop-blur-md rounded-2xl shadow-2xl border border-[#007768]/30 p-5 sm:p-8&quot;
        &gt;
          &lt;h1
            class=&quot;text-2xl sm:text-3xl md:text-4xl font-extrabold text-[#007768] text-center mb-4 sm:mb-6 drop-shadow-sm&quot;
          &gt;
            Sign In
          &lt;/h1&gt;
          &lt;form
            class=&quot;space-y-5&quot;
          &gt;
            &lt;div&gt;
              &lt;label
                class=&quot;block mb-1 text-sm sm:text-base text-gray-700 font-medium&quot;
              &gt;
                Username
              &lt;/label&gt;
              &lt;div
                class=&quot;relative&quot;
              &gt;
                &lt;svg
                  class=&quot;absolute left-3 sm:left-4 top-1/2 -translate-y-1/2 text-[#007768] text-base sm:text-lg&quot;
                  fill=&quot;currentColor&quot;
                  height=&quot;1em&quot;
                  stroke=&quot;currentColor&quot;
                  stroke-width=&quot;0&quot;
                  viewBox=&quot;0 0 448 512&quot;
                  width=&quot;1em&quot;
                  xmlns=&quot;http://www.w3.org/2000/svg&quot;
                &gt;
                  &lt;path
                    d=&quot;M224 256c70.7 0 128-57.3 128-128S294.7 0 224 0 96 57.3 96 128s57.3 128 128 128zm89.6 32h-16.7c-22.2 10.2-46.9 16-72.9 16s-50.6-5.8-72.9-16h-16.7C60.2 288 0 348.2 0 422.4V464c0 26.5 21.5 48 48 48h352c26.5 0 48-21.5 48-48v-41.6c0-74.2-60.2-134.4-134.4-134.4z&quot;
                  /&gt;
                &lt;/svg&gt;
                &lt;input
                  class=&quot;w-full pl-10 sm:pl-12 pr-3 sm:pr-4 py-2.5 sm:py-3 text-sm sm:text-base border border-gray-300 rounded-2xl focus:outline-none focus:ring-2 focus:ring-[#007768] focus:border-[#007768] bg-white/70 transition duration-300&quot;
                  name=&quot;username&quot;
                  placeholder=&quot;Username&quot;
                  type=&quot;text&quot;
                  value=&quot;&quot;
                /&gt;
              &lt;/div&gt;
            &lt;/div&gt;
            &lt;div&gt;
              &lt;label
                class=&quot;block mb-1 text-sm sm:text-base text-gray-700 font-medium&quot;
              &gt;
                Account Number
              &lt;/label&gt;
              &lt;div
                class=&quot;relative&quot;
              &gt;
                &lt;svg
                  class=&quot;absolute left-3 sm:left-4 top-1/2 -translate-y-1/2 text-[#007768] text-base sm:text-lg&quot;
                  fill=&quot;currentColor&quot;
                  height=&quot;1em&quot;
                  stroke=&quot;currentColor&quot;
                  stroke-width=&quot;0&quot;
                  viewBox=&quot;0 0 576 512&quot;
                  width=&quot;1em&quot;
                  xmlns=&quot;http://www.w3.org/2000/svg&quot;
                &gt;
                  &lt;path
                    d=&quot;M528 32H48C21.5 32 0 53.5 0 80v16h576V80c0-26.5-21.5-48-48-48zM0 432c0 26.5 21.5 48 48 48h480c26.5 0 48-21.5 48-48V128H0v304zm352-232c0-4.4 3.6-8 8-8h144c4.4 0 8 3.6 8 8v16c0 4.4-3.6 8-8 8H360c-4.4 0-8-3.6-8-8v-16zm0 64c0-4.4 3.6-8 8-8h144c4.4 0 8 3.6 8 8v16c0 4.4-3.6 8-8 8H360c-4.4 0-8-3.6-8-8v-16zm0 64c0-4.4 3.6-8 8-8h144c4.4 0 8 3.6 8 8v16c0 4.4-3.6 8-8 8H360c-4.4 0-8-3.6-8-8v-16zM176 192c35.3 0 64 28.7 64 64s-28.7 64-64 64-64-28.7-64-64 28.7-64 64-64zM67.1 396.2C75.5 370.5 99.6 352 128 352h8.2c12.3 5.1 25.7 8 39.8 8s27.6-2.9 39.8-8h8.2c28.4 0 52.5 18.5 60.9 44.2 3.2 9.9-5.2 19.8-15.6 19.8H82.7c-10.4 0-18.8-10-15.6-19.8z&quot;
                  /&gt;
                &lt;/svg&gt;
                &lt;input
                  class=&quot;w-full pl-10 sm:pl-12 pr-3 sm:pr-4 py-2.5 sm:py-3 text-sm sm:text-base border border-gray-300 rounded-2xl focus:outline-none focus:ring-2 focus:ring-[#007768] focus:border-[#007768] bg-white/70 transition duration-300&quot;
                  name=&quot;accountNumber&quot;
                  placeholder=&quot;Account number&quot;
                  type=&quot;text&quot;
                  value=&quot;&quot;
                /&gt;
              &lt;/div&gt;
            &lt;/div&gt;
            &lt;div&gt;
              &lt;label
                class=&quot;block mb-1 text-sm sm:text-base text-gray-700 font-medium&quot;
              &gt;
                Password
              &lt;/label&gt;
              &lt;div
                class=&quot;relative&quot;
              &gt;
                &lt;svg
                  class=&quot;absolute left-3 sm:left-4 top-1/2 -translate-y-1/2 text-[#007768] text-base sm:text-lg&quot;
                  fill=&quot;currentColor&quot;
                  height=&quot;1em&quot;
                  stroke=&quot;currentColor&quot;
                  stroke-width=&quot;0&quot;
                  viewBox=&quot;0 0 448 512&quot;
                  width=&quot;1em&quot;
                  xmlns=&quot;http://www.w3.org/2000/svg&quot;
                &gt;
                  &lt;path
                    d=&quot;M400 224h-24v-72C376 68.2 307.8 0 224 0S72 68.2 72 152v72H48c-26.5 0-48 21.5-48 48v192c0 26.5 21.5 48 48 48h352c26.5 0 48-21.5 48-48V272c0-26.5-21.5-48-48-48zm-104 0H152v-72c0-39.7 32.3-72 72-72s72 32.3 72 72v72z&quot;
                  /&gt;
                &lt;/svg&gt;
                &lt;input
                  class=&quot;w-full pl-10 sm:pl-12 pr-3 sm:pr-4 py-2.5 sm:py-3 text-sm sm:text-base border border-gray-300 rounded-2xl focus:outline-none focus:ring-2 focus:ring-[#007768] focus:border-[#007768] bg-white/70 transition duration-300&quot;
                  name=&quot;password&quot;
                  placeholder=&quot;Password&quot;
                  type=&quot;password&quot;
                  value=&quot;&quot;
                /&gt;
              &lt;/div&gt;
            &lt;/div&gt;
            &lt;button
              class=&quot;w-full py-2.5 sm:py-3 text-sm sm:text-base rounded-2xl font-semibold text-white bg-gradient-to-r from-[#007768] to-[#005f57] hover:from-[#005f57] hover:to-[#007768] active:scale-95 transition duration-300 flex justify-center items-center shadow-lg hover:shadow-2xl&quot;
              type=&quot;submit&quot;
            &gt;
              &lt;span&gt;
                Sign In
              &lt;/span&gt;
            &lt;/button&gt;
          &lt;/form&gt;
          &lt;p
            class=&quot;mt-5 text-center text-gray-700 font-medium&quot;
          &gt;
            Don&apos;t have an account?
             
            &lt;a
              class=&quot;text-[#007768] font-medium hover:underline hover:text-[#005f57] transition duration-300&quot;
              href=&quot;/register&quot;
            &gt;
              Register
            &lt;/a&gt;
          &lt;/p&gt;
        &lt;/div&gt;
      &lt;/div&gt;
    &lt;/div&gt;
    &lt;section
      aria-atomic=&quot;false&quot;
      aria-label=&quot;Notifications Alt+T&quot;
      aria-live=&quot;polite&quot;
      aria-relevant=&quot;additions text&quot;
      class=&quot;Toastify&quot;
    /&gt;
  &lt;/div&gt;
&lt;/body&gt;
    at Object.getElementError (C:\INSY7314\insy7314-part2-gradiq\frontend\node_modules\@testing-library\dom\dist\config.js:37:19)
    at getElementError (C:\INSY7314\insy7314-part2-gradiq\frontend\node_modules\@testing-library\dom\dist\query-helpers.js:20:35)
    at getMultipleElementsFoundError (C:\INSY7314\insy7314-part2-gradiq\frontend\node_modules\@testing-library\dom\dist\query-helpers.js:23:10)
    at C:\INSY7314\insy7314-part2-gradiq\frontend\node_modules\@testing-library\dom\dist\query-helpers.js:55:13
    at getByText (C:\INSY7314\insy7314-part2-gradiq\frontend\node_modules\@testing-library\dom\dist\query-helpers.js:95:19)
    at Object.&lt;anonymous&gt; (C:\INSY7314\insy7314-part2-gradiq\frontend\src\components\__tests__\Login.test.js:43:19)
    at Promise.then.completed (C:\INSY7314\insy7314-part2-gradiq\frontend\node_modules\jest-circus\build\utils.js:391:28)
    at new Promise (&lt;anonymous&gt;)
    at callAsyncCircusFn (C:\INSY7314\insy7314-part2-gradiq\frontend\node_modules\jest-circus\build\utils.js:316:10)
    at _callCircusTest (C:\INSY7314\insy7314-part2-gradiq\frontend\node_modules\jest-circus\build\run.js:218:40)
    at _runTest (C:\INSY7314\insy7314-part2-gradiq\frontend\node_modules\jest-circus\build\run.js:155:3)
    at _runTestsForDescribeBlock (C:\INSY7314\insy7314-part2-gradiq\frontend\node_modules\jest-circus\build\run.js:66:9)
    at _runTestsForDescribeBlock (C:\INSY7314\insy7314-part2-gradiq\frontend\node_modules\jest-circus\build\run.js:60:9)
    at run (C:\INSY7314\insy7314-part2-gradiq\frontend\node_modules\jest-circus\build\run.js:25:3)
    at runAndTransformResultsToJestFormat (C:\INSY7314\insy7314-part2-gradiq\frontend\node_modules\jest-circus\build\legacy-code-todo-rewrite\jestAdapterInit.js:170:21)
    at jestAdapter (C:\INSY7314\insy7314-part2-gradiq\frontend\node_modules\jest-circus\build\legacy-code-todo-rewrite\jestAdapter.js:82:19)
    at runTestInternal (C:\INSY7314\insy7314-part2-gradiq\frontend\node_modules\jest-runner\build\runTest.js:389:16)
    at runTest (C:\INSY7314\insy7314-part2-gradiq\frontend\node_modules\jest-runner\build\runTest.js:475:34)</failure>
    </testcase>
    <testcase classname="Login Component updates form data when inputs change" name="Login Component updates form data when inputs change" time="0.014">
    </testcase>
    <testcase classname="Login Component shows loading state during form submission" name="Login Component shows loading state during form submission" time="0.04">
    </testcase>
    <testcase classname="Login Component handles successful login for customer" name="Login Component handles successful login for customer" time="5.016">
      <failure>Error: thrown: &quot;Exceeded timeout of 5000 ms for a test.
Use jest.setTimeout(newTimeout) to increase the timeout value, if this is a long-running test.&quot;
    at C:\INSY7314\insy7314-part2-gradiq\frontend\src\components\__tests__\Login.test.js:99:3
    at _dispatchDescribe (C:\INSY7314\insy7314-part2-gradiq\frontend\node_modules\jest-circus\build\index.js:98:26)
    at describe (C:\INSY7314\insy7314-part2-gradiq\frontend\node_modules\jest-circus\build\index.js:60:5)
    at Object.&lt;anonymous&gt; (C:\INSY7314\insy7314-part2-gradiq\frontend\src\components\__tests__\Login.test.js:34:1)
    at Runtime._execModule (C:\INSY7314\insy7314-part2-gradiq\frontend\node_modules\jest-runtime\build\index.js:1646:24)
    at Runtime._loadModule (C:\INSY7314\insy7314-part2-gradiq\frontend\node_modules\jest-runtime\build\index.js:1185:12)
    at Runtime.requireModule (C:\INSY7314\insy7314-part2-gradiq\frontend\node_modules\jest-runtime\build\index.js:1009:12)
    at jestAdapter (C:\INSY7314\insy7314-part2-gradiq\frontend\node_modules\jest-circus\build\legacy-code-todo-rewrite\jestAdapter.js:79:13)
    at runTestInternal (C:\INSY7314\insy7314-part2-gradiq\frontend\node_modules\jest-runner\build\runTest.js:389:16)
    at runTest (C:\INSY7314\insy7314-part2-gradiq\frontend\node_modules\jest-runner\build\runTest.js:475:34)</failure>
    </testcase>
    <testcase classname="Login Component handles successful login for employee" name="Login Component handles successful login for employee" time="1.028">
    </testcase>
    <testcase classname="Login Component handles API error during login" name="Login Component handles API error during login" time="5.001">
      <failure>Error: thrown: &quot;Exceeded timeout of 5000 ms for a test.
Use jest.setTimeout(newTimeout) to increase the timeout value, if this is a long-running test.&quot;
    at C:\INSY7314\insy7314-part2-gradiq\frontend\src\components\__tests__\Login.test.js:165:3
    at _dispatchDescribe (C:\INSY7314\insy7314-part2-gradiq\frontend\node_modules\jest-circus\build\index.js:98:26)
    at describe (C:\INSY7314\insy7314-part2-gradiq\frontend\node_modules\jest-circus\build\index.js:60:5)
    at Object.&lt;anonymous&gt; (C:\INSY7314\insy7314-part2-gradiq\frontend\src\components\__tests__\Login.test.js:34:1)
    at Runtime._execModule (C:\INSY7314\insy7314-part2-gradiq\frontend\node_modules\jest-runtime\build\index.js:1646:24)
    at Runtime._loadModule (C:\INSY7314\insy7314-part2-gradiq\frontend\node_modules\jest-runtime\build\index.js:1185:12)
    at Runtime.requireModule (C:\INSY7314\insy7314-part2-gradiq\frontend\node_modules\jest-runtime\build\index.js:1009:12)
    at jestAdapter (C:\INSY7314\insy7314-part2-gradiq\frontend\node_modules\jest-circus\build\legacy-code-todo-rewrite\jestAdapter.js:79:13)
    at runTestInternal (C:\INSY7314\insy7314-part2-gradiq\frontend\node_modules\jest-runner\build\runTest.js:389:16)
    at runTest (C:\INSY7314\insy7314-part2-gradiq\frontend\node_modules\jest-runner\build\runTest.js:475:34)</failure>
    </testcase>
    <testcase classname="Login Component validates form inputs and shows validation errors" name="Login Component validates form inputs and shows validation errors" time="1.082">
    </testcase>
    <testcase classname="Login Component renders register link correctly" name="Login Component renders register link correctly" time="0.007">
    </testcase>
  </testsuite>
  <testsuite name="undefined" errors="0" failures="1" skipped="0" timestamp="2025-11-05T13:01:52" time="0.606" tests="1">
    <testcase classname=" renders learn react link" name=" renders learn react link" time="0.045">
      <failure>TestingLibraryElementError: Unable to find an element with the text: /learn react/i. This could be because the text is broken up by multiple elements. In this case, you can provide a function for your text matcher to make your matcher more flexible.

Ignored nodes: comments, script, style
&lt;body&gt;
  &lt;div&gt;
    &lt;nav
      class=&quot;bg-white shadow-lg py-3 sm:py-4 w-full fixed top-0 z-50&quot;
    &gt;
      &lt;div
        class=&quot;flex flex-col sm:flex-row items-center justify-between w-full px-2 sm:px-0 gap-2 sm:gap-0&quot;
      &gt;
        &lt;h1
          class=&quot;text-xl sm:text-2xl font-bold text-[#007768] flex items-center space-x-1 sm:ml-4&quot;
        &gt;
          &lt;svg
            class=&quot;text-2xl sm:text-3xl animate-bounce-slow&quot;
            fill=&quot;currentColor&quot;
            height=&quot;1em&quot;
            stroke=&quot;currentColor&quot;
            stroke-width=&quot;0&quot;
            viewBox=&quot;0 0 640 512&quot;
            width=&quot;1em&quot;
            xmlns=&quot;http://www.w3.org/2000/svg&quot;
          &gt;
            &lt;path
              d=&quot;M608 32H32C14.33 32 0 46.33 0 64v384c0 17.67 14.33 32 32 32h576c17.67 0 32-14.33 32-32V64c0-17.67-14.33-32-32-32zM176 327.88V344c0 4.42-3.58 8-8 8h-16c-4.42 0-8-3.58-8-8v-16.29c-11.29-.58-22.27-4.52-31.37-11.35-3.9-2.93-4.1-8.77-.57-12.14l11.75-11.21c2.77-2.64 6.89-2.76 10.13-.73 3.87 2.42 8.26 3.72 12.82 3.72h28.11c6.5 0 11.8-5.92 11.8-13.19 0-5.95-3.61-11.19-8.77-12.73l-45-13.5c-18.59-5.58-31.58-23.42-31.58-43.39 0-24.52 19.05-44.44 42.67-45.07V152c0-4.42 3.58-8 8-8h16c4.42 0 8 3.58 8 8v16.29c11.29.58 22.27 4.51 31.37 11.35 3.9 2.93 4.1 8.77.57 12.14l-11.75 11.21c-2.77 2.64-6.89 2.76-10.13.73-3.87-2.43-8.26-3.72-12.82-3.72h-28.11c-6.5 0-11.8 5.92-11.8 13.19 0 5.95 3.61 11.19 8.77 12.73l45 13.5c18.59 5.58 31.58 23.42 31.58 43.39 0 24.53-19.05 44.44-42.67 45.07zM416 312c0 4.42-3.58 8-8 8H296c-4.42 0-8-3.58-8-8v-16c0-4.42 3.58-8 8-8h112c4.42 0 8 3.58 8 8v16zm160 0c0 4.42-3.58 8-8 8h-80c-4.42 0-8-3.58-8-8v-16c0-4.42 3.58-8 8-8h80c4.42 0 8 3.58 8 8v16zm0-96c0 4.42-3.58 8-8 8H296c-4.42 0-8-3.58-8-8v-16c0-4.42 3.58-8 8-8h272c4.42 0 8 3.58 8 8v16z&quot;
            /&gt;
          &lt;/svg&gt;
          &lt;a
            aria-current=&quot;page&quot;
            class=&quot;hover:text-[#005f57] transition duration-300 active&quot;
            href=&quot;/&quot;
          &gt;
            PayFlow
          &lt;/a&gt;
        &lt;/h1&gt;
        &lt;div
          class=&quot;flex items-center space-x-2 sm:space-x-4 sm:pr-4 text-sm sm:text-base lg:text-lg&quot;
        &gt;
          &lt;a
            class=&quot;px-2 sm:px-3 py-1 sm:py-1.5 rounded-full border border-[#007768] text-sm sm:text-base text-[#007768] hover:bg-[#005f57] hover:text-white transition transform hover:scale-105&quot;
            href=&quot;/login&quot;
          &gt;
            Login
          &lt;/a&gt;
          &lt;a
            class=&quot;px-2 sm:px-3 py-1 sm:py-1.5 rounded-full border border-[#007768] text-sm sm:text-base text-[#007768] hover:bg-[#005f57] hover:text-white transition transform hover:scale-105&quot;
            href=&quot;/register&quot;
          &gt;
            Register
          &lt;/a&gt;
        &lt;/div&gt;
      &lt;/div&gt;
    &lt;/nav&gt;
    &lt;div
      class=&quot;relative min-h-screen flex flex-col items-center justify-center px-4 sm:px-6 py-20 sm:py-0 bg-gradient-to-br from-gray-50 via-[#d9f3f0] to-[#e6f7f5] overflow-hidden&quot;
    &gt;
      &lt;div
        class=&quot;absolute top-0 left-0 w-72 h-72 bg-[#007768]/20 rounded-full blur-3xl -translate-x-1/2 -translate-y-1/2&quot;
      /&gt;
      &lt;div
        class=&quot;absolute bottom-0 right-0 w-96 h-96 bg-[#007768]/15 rounded-full blur-3xl translate-x-1/2 translate-y-1/2&quot;
      /&gt;
      &lt;div
        class=&quot;z-10 text-center max-w-3xl px-4&quot;
      &gt;
        &lt;h1
          class=&quot;text-4xl sm:text-5xl md:text-6xl lg:text-7xl font-extrabold text-[#007768] mb-4 sm:mb-6 drop-shadow-md&quot;
        &gt;
          Welcome to PayFlow
        &lt;/h1&gt;
        &lt;p
          class=&quot;text-gray-700 text-base sm:text-lg md:text-xl leading-relaxed mb-8 sm:mb-10&quot;
        &gt;
          A secure and simple platform to
           
          &lt;span
            class=&quot;font-semibold text-[#007768]&quot;
          &gt;
            create payments
          &lt;/span&gt;
          ,
           
          track transactions, and manage your financial activity with ease.
        &lt;/p&gt;
      &lt;/div&gt;
      &lt;div
        class=&quot;z-10 flex flex-col md:flex-row gap-4 sm:gap-6 mt-4 sm:mt-6 px-4&quot;
      &gt;
        &lt;div
          class=&quot;bg-white rounded-3xl shadow-lg p-6 sm:p-8 w-full sm:w-72 max-w-xs mx-auto hover:shadow-2xl hover:-translate-y-2 transition-all duration-300 text-center&quot;
        &gt;
          &lt;svg
            class=&quot;text-[#007768] text-4xl sm:text-5xl mb-3 sm:mb-4 mx-auto&quot;
            fill=&quot;currentColor&quot;
            height=&quot;1em&quot;
            stroke=&quot;currentColor&quot;
            stroke-width=&quot;0&quot;
            viewBox=&quot;0 0 576 512&quot;
            width=&quot;1em&quot;
            xmlns=&quot;http://www.w3.org/2000/svg&quot;
          &gt;
            &lt;path
              d=&quot;M0 432c0 26.5 21.5 48 48 48h480c26.5 0 48-21.5 48-48V256H0v176zm192-68c0-6.6 5.4-12 12-12h136c6.6 0 12 5.4 12 12v40c0 6.6-5.4 12-12 12H204c-6.6 0-12-5.4-12-12v-40zm-128 0c0-6.6 5.4-12 12-12h72c6.6 0 12 5.4 12 12v40c0 6.6-5.4 12-12 12H76c-6.6 0-12-5.4-12-12v-40zM576 80v48H0V80c0-26.5 21.5-48 48-48h480c26.5 0 48 21.5 48 48z&quot;
            /&gt;
          &lt;/svg&gt;
          &lt;h3
            class=&quot;text-lg sm:text-xl font-semibold text-gray-800 mb-2&quot;
          &gt;
            Easy Payments
          &lt;/h3&gt;
          &lt;p
            class=&quot;text-gray-600 text-xs sm:text-sm&quot;
          &gt;
            Quickly create and process payments in just a few clicks.
          &lt;/p&gt;
        &lt;/div&gt;
        &lt;div
          class=&quot;bg-white rounded-3xl shadow-lg p-6 sm:p-8 w-full sm:w-72 max-w-xs mx-auto hover:shadow-2xl hover:-translate-y-2 transition-all duration-300 text-center&quot;
        &gt;
          &lt;svg
            class=&quot;text-[#007768] text-4xl sm:text-5xl mb-3 sm:mb-4 mx-auto&quot;
            fill=&quot;currentColor&quot;
            height=&quot;1em&quot;
            stroke=&quot;currentColor&quot;
            stroke-width=&quot;0&quot;
            viewBox=&quot;0 0 512 512&quot;
            width=&quot;1em&quot;
            xmlns=&quot;http://www.w3.org/2000/svg&quot;
          &gt;
            &lt;path
              d=&quot;M466.5 83.7l-192-80a48.15 48.15 0 0 0-36.9 0l-192 80C27.7 91.1 16 108.6 16 128c0 198.5 114.5 335.7 221.5 380.3 11.8 4.9 25.1 4.9 36.9 0C360.1 472.6 496 349.3 496 128c0-19.4-11.7-36.9-29.5-44.3zM256.1 446.3l-.1-381 175.9 73.3c-3.3 151.4-82.1 261.1-175.8 307.7z&quot;
            /&gt;
          &lt;/svg&gt;
          &lt;h3
            class=&quot;text-lg sm:text-xl font-semibold text-gray-800 mb-2&quot;
          &gt;
            Secure &amp; Reliable
          &lt;/h3&gt;
          &lt;p
            class=&quot;text-gray-600 text-xs sm:text-sm&quot;
          &gt;
            Industry-standard security keeps your data safe at all times.
          &lt;/p&gt;
        &lt;/div&gt;
        &lt;div
          class=&quot;bg-white rounded-3xl shadow-lg p-6 sm:p-8 w-full sm:w-72 max-w-xs mx-auto hover:shadow-2xl hover:-translate-y-2 transition-all duration-300 text-center&quot;
        &gt;
          &lt;svg
            class=&quot;text-[#007768] text-4xl sm:text-5xl mb-3 sm:mb-4 mx-auto&quot;
            fill=&quot;currentColor&quot;
            height=&quot;1em&quot;
            stroke=&quot;currentColor&quot;
            stroke-width=&quot;0&quot;
            viewBox=&quot;0 0 512 512&quot;
            width=&quot;1em&quot;
            xmlns=&quot;http://www.w3.org/2000/svg&quot;
          &gt;
            &lt;path
              d=&quot;M496 384H64V80c0-8.84-7.16-16-16-16H16C7.16 64 0 71.16 0 80v336c0 17.67 14.33 32 32 32h464c8.84 0 16-7.16 16-16v-32c0-8.84-7.16-16-16-16zM464 96H345.94c-21.38 0-32.09 25.85-16.97 40.97l32.4 32.4L288 242.75l-73.37-73.37c-12.5-12.5-32.76-12.5-45.25 0l-68.69 68.69c-6.25 6.25-6.25 16.38 0 22.63l22.62 22.62c6.25 6.25 16.38 6.25 22.63 0L192 237.25l73.37 73.37c12.5 12.5 32.76 12.5 45.25 0l96-96 32.4 32.4c15.12 15.12 40.97 4.41 40.97-16.97V112c.01-8.84-7.15-16-15.99-16z&quot;
            /&gt;
          &lt;/svg&gt;
          &lt;h3
            class=&quot;text-lg sm:text-xl font-semibold text-gray-800 mb-2&quot;
          &gt;
            Track Progress
          &lt;/h3&gt;
          &lt;p
            class=&quot;text-gray-600 text-xs sm:text-sm&quot;
          &gt;
            Monitor your transactions and gain insights with ease.
          &lt;/p&gt;
        &lt;/div&gt;
      &lt;/div&gt;
      &lt;div
        class=&quot;z-10 mt-8 sm:mt-10 flex flex-wrap gap-3 sm:gap-4 justify-center px-4&quot;
      &gt;
        &lt;a
          class=&quot;bg-[#007768] text-white font-semibold px-6 sm:px-10 py-3 sm:py-4 rounded-full shadow-lg hover:bg-[#005f57] hover:shadow-2xl transition transform hover:scale-105 text-sm sm:text-base&quot;
          href=&quot;/register&quot;
        &gt;
          Get Started
        &lt;/a&gt;
        &lt;a
          class=&quot;bg-white text-[#007768] font-semibold px-6 sm:px-10 py-3 sm:py-4 rounded-full shadow-lg border border-[#007768] hover:bg-gray-100 hover:shadow-2xl transition transform hover:scale-105 text-sm sm:text-base&quot;
          href=&quot;/login&quot;
        &gt;
          Log In
        &lt;/a&gt;
      &lt;/div&gt;
    &lt;/div&gt;
    &lt;section
      aria-atomic=&quot;false&quot;
      aria-label=&quot;Notifications Alt+T&quot;
      aria-live=&quot;polite&quot;
      aria-relevant=&quot;additions text&quot;
      class=&quot;Toastify&quot;
    /&gt;
  &lt;/div&gt;
&lt;/body&gt;
    at Object.getElementError (C:\INSY7314\insy7314-part2-gradiq\frontend\node_modules\@testing-library\dom\dist\config.js:37:19)
    at C:\INSY7314\insy7314-part2-gradiq\frontend\node_modules\@testing-library\dom\dist\query-helpers.js:76:38
    at C:\INSY7314\insy7314-part2-gradiq\frontend\node_modules\@testing-library\dom\dist\query-helpers.js:52:17
    at getByText (C:\INSY7314\insy7314-part2-gradiq\frontend\node_modules\@testing-library\dom\dist\query-helpers.js:95:19)
    at Object.&lt;anonymous&gt; (C:\INSY7314\insy7314-part2-gradiq\frontend\src\App.test.js:6:30)
    at Promise.then.completed (C:\INSY7314\insy7314-part2-gradiq\frontend\node_modules\jest-circus\build\utils.js:391:28)
    at new Promise (&lt;anonymous&gt;)
    at callAsyncCircusFn (C:\INSY7314\insy7314-part2-gradiq\frontend\node_modules\jest-circus\build\utils.js:316:10)
    at _callCircusTest (C:\INSY7314\insy7314-part2-gradiq\frontend\node_modules\jest-circus\build\run.js:218:40)
    at _runTest (C:\INSY7314\insy7314-part2-gradiq\frontend\node_modules\jest-circus\build\run.js:155:3)
    at _runTestsForDescribeBlock (C:\INSY7314\insy7314-part2-gradiq\frontend\node_modules\jest-circus\build\run.js:66:9)
    at run (C:\INSY7314\insy7314-part2-gradiq\frontend\node_modules\jest-circus\build\run.js:25:3)
    at runAndTransformResultsToJestFormat (C:\INSY7314\insy7314-part2-gradiq\frontend\node_modules\jest-circus\build\legacy-code-todo-rewrite\jestAdapterInit.js:170:21)
    at jestAdapter (C:\INSY7314\insy7314-part2-gradiq\frontend\node_modules\jest-circus\build\legacy-code-todo-rewrite\jestAdapter.js:82:19)
    at runTestInternal (C:\INSY7314\insy7314-part2-gradiq\frontend\node_modules\jest-runner\build\runTest.js:389:16)
    at runTest (C:\INSY7314\insy7314-part2-gradiq\frontend\node_modules\jest-runner\build\runTest.js:475:34)
    at TestRunner.runTests (C:\INSY7314\insy7314-part2-gradiq\frontend\node_modules\jest-runner\build\index.js:101:12)
    at TestScheduler.scheduleTests (C:\INSY7314\insy7314-part2-gradiq\frontend\node_modules\@jest\core\build\TestScheduler.js:333:13)
    at runJest (C:\INSY7314\insy7314-part2-gradiq\frontend\node_modules\@jest\core\build\runJest.js:404:19)
    at _run10000 (C:\INSY7314\insy7314-part2-gradiq\frontend\node_modules\@jest\core\build\cli\index.js:320:7)
    at runCLI (C:\INSY7314\insy7314-part2-gradiq\frontend\node_modules\@jest\core\build\cli\index.js:173:3)
    at Object.run (C:\INSY7314\insy7314-part2-gradiq\frontend\node_modules\jest-cli\build\cli\index.js:155:37)</failure>
    </testcase>
  </testsuite>
</testsuites>